
> cashback-app@0.0.0 build
> vite build

[36mvite v7.3.1 [32mbuilding client environment for production...[36m[39m
transforming...
[32mΓ£ô[39m 3440 modules transformed.
rendering chunks...
computing gzip size...
[2mdist/[22m[32mindex.html                          [39m[1m[2m    0.65 kB[22m[1m[22m[2m Γöé gzip:   0.35 kB[22m
[2mdist/[22m[35massets/index-gllxiFHk.css           [39m[1m[2m  255.90 kB[22m[1m[22m[2m Γöé gzip:  35.80 kB[22m
[2mdist/[22m[36massets/purify.es-Bzr520pe.js        [39m[1m[2m   22.45 kB[22m[1m[22m[2m Γöé gzip:   8.63 kB[22m
[2mdist/[22m[36massets/index.es-C9vAHlMf.js         [39m[1m[2m  158.58 kB[22m[1m[22m[2m Γöé gzip:  52.93 kB[22m
[2mdist/[22m[36massets/html2canvas.esm-DXEQVQnt.js  [39m[1m[2m  201.04 kB[22m[1m[22m[2m Γöé gzip:  47.43 kB[22m
[2mdist/[22m[36massets/index-DHNh6Ixm.js            [39m[1m[33m2,412.73 kB[39m[22m[2m Γöé gzip: 693.27 kB[22m
node.exe : [33m
At C:\Users\anike\AppD
ata\Roaming\npm\npm.ps
1:16 char:5
+     & 
"$basedir/node$exe"  "
$basedir/node_modules/
npm/bin/npm-cli.js" 
...
+     ~~~~~~~~~~~~~~~~
~~~~~~~~~~~~~~~~~~~~~~
~~~~~~~~~~~~~~~~~~~~~~
~~~~~
    + CategoryInfo    
          : NotSpeci  
  fied: ([33m:Stri   
 ng) [], RemoteExc    
eption
    + FullyQualifiedE 
   rrorId : NativeCo  
  mmandError
 
(!) Some chunks are 
larger than 500 kB 
after minification. 
Consider:
- Using dynamic 
import() to 
code-split the 
application
- Use build.rollupOpti
ons.output.manualChunk
s to improve 
chunking: https://roll
upjs.org/configuration
-options/#output-manua
lchunks
- Adjust chunk size 
limit for this 
warning via build.chun
kSizeWarningLimit.[39
m
[32mΓ£ô built in 9.50s[39m
